2025/12/06 08:28:23 OSPF: [VTVCM-Y2NW3] Configuration Read in Took: 00:00:00
2025/12/06 08:28:23 OSPF: [G6NKK-8C6DV] end_config: VTY:0x7c5859b49070, pending SET-CFG: 0
2025/12/06 08:28:23 LDP: [VTVCM-Y2NW3] Configuration Read in Took: 00:00:00
2025/12/06 08:28:23 LDP: [G6NKK-8C6DV] end_config: VTY:0x767c6bf28610, pending SET-CFG: 0
2025/12/06 08:28:23 BGP: [VTVCM-Y2NW3] Configuration Read in Took: 00:00:00
2025/12/06 08:28:23 BGP: [G6NKK-8C6DV] end_config: VTY:0x71727277d0b0, pending SET-CFG: 0
2025/12/06 08:28:23 ISIS: [VTVCM-Y2NW3] Configuration Read in Took: 00:00:00
2025/12/06 08:28:23 ISIS: [G6NKK-8C6DV] end_config: VTY:0x770ad72d61b0, pending SET-CFG: 0
2025/12/06 08:28:23 OSPF6: [VTVCM-Y2NW3] Configuration Read in Took: 00:00:00
2025/12/06 08:28:23 OSPF6: [G6NKK-8C6DV] end_config: VTY:0x727ebf6af050, pending SET-CFG: 0
2025/12/06 08:28:23 STATIC: [VTVCM-Y2NW3] Configuration Read in Took: 00:00:00
2025/12/06 08:28:23 STATIC: [G6NKK-8C6DV] end_config: VTY:0x7d3c17b230c0, pending SET-CFG: 0
2025/12/06 08:28:23 PATH: [VTVCM-Y2NW3] Configuration Read in Took: 00:00:00
2025/12/06 08:28:23 PATH: [G6NKK-8C6DV] end_config: VTY:0x70fda6e3c190, pending SET-CFG: 0
2025/12/06 08:28:23 ZEBRA: [YDG3W-JND95] FD Limit set: 1048576 is stupidly large.  Is this what you intended?  Consider using --limit-fds also limiting size to 100000
2025/12/06 08:28:23 ZEBRA: [V98V0-MTWPF] client 84 says hello and bids fair to announce only bgp routes vrf=0
2025/12/06 08:28:37 ZEBRA: [WPPMZ-G9797] if_zebra_speed_update: br20 old speed: 0 new speed: 10000
2025/12/06 08:29:22 OSPF: [VTVCM-Y2NW3] Configuration Read in Took: 00:00:00
2025/12/06 08:29:22 OSPF: [G6NKK-8C6DV] end_config: VTY:0x749d92d82070, pending SET-CFG: 0
2025/12/06 08:29:22 BGP: [VTVCM-Y2NW3] Configuration Read in Took: 00:00:00
2025/12/06 08:29:22 BGP: [G6NKK-8C6DV] end_config: VTY:0x7b80f59a20b0, pending SET-CFG: 0
2025/12/06 08:29:22 OSPF6: [VTVCM-Y2NW3] Configuration Read in Took: 00:00:00
2025/12/06 08:29:22 OSPF6: [G6NKK-8C6DV] end_config: VTY:0x77dd32d16050, pending SET-CFG: 0
2025/12/06 08:29:22 LDP: [VTVCM-Y2NW3] Configuration Read in Took: 00:00:00
2025/12/06 08:29:22 LDP: [G6NKK-8C6DV] end_config: VTY:0x77f6f1d08610, pending SET-CFG: 0
2025/12/06 08:29:22 STATIC: [VTVCM-Y2NW3] Configuration Read in Took: 00:00:00
2025/12/06 08:29:22 STATIC: [G6NKK-8C6DV] end_config: VTY:0x7a87fa4690c0, pending SET-CFG: 0
2025/12/06 08:29:22 PATH: [VTVCM-Y2NW3] Configuration Read in Took: 00:00:00
2025/12/06 08:29:22 PATH: [G6NKK-8C6DV] end_config: VTY:0x7f532cfda190, pending SET-CFG: 0
2025/12/06 08:29:22 ISIS: [VTVCM-Y2NW3] Configuration Read in Took: 00:00:00
2025/12/06 08:29:22 ISIS: [G6NKK-8C6DV] end_config: VTY:0x78eb329841b0, pending SET-CFG: 0
2025/12/06 08:29:22 PATH: [NN4XW-E4M3V] IPv4 Router Id updated for VRF 0: 192.168.20.2
2025/12/06 08:29:22 PATH: [NN4XW-E4M3V] IPv4 Router Id updated for VRF 0: 172.16.0.2
2025/12/06 08:29:23 ZEBRA: [YDG3W-JND95] FD Limit set: 1048576 is stupidly large.  Is this what you intended?  Consider using --limit-fds also limiting size to 100000
2025/12/06 08:29:23 ZEBRA: [V98V0-MTWPF] client 84 says hello and bids fair to announce only bgp routes vrf=0
2025/12/06 08:29:37 ZEBRA: [WPPMZ-G9797] if_zebra_speed_update: br20 old speed: 0 new speed: 10000
2025/12/06 10:15:40 PATH: [NN4XW-E4M3V] IPv6 Router Id updated for VRF 0: fc00:0:2::1
2025/12/06 10:15:40 BGP: [MVZKX-EG443][EC 33554452] bgp_process_packet: BGP OPEN receipt failed for peer: eth1
2025/12/06 10:15:42 BGP: [MVZKX-EG443][EC 33554452] bgp_process_packet: BGP OPEN receipt failed for peer: eth1
2025/12/06 10:15:45 BGP: [MVZKX-EG443][EC 33554452] bgp_process_packet: BGP OPEN receipt failed for peer: eth1
2025/12/06 10:15:46 BGP: [MVZKX-EG443][EC 33554452] bgp_process_packet: BGP OPEN receipt failed for peer: eth1
2025/12/06 10:15:47 BGP: [MVZKX-EG443][EC 33554452] bgp_process_packet: BGP OPEN receipt failed for peer: eth1
2025/12/06 10:15:51 BGP: [MVZKX-EG443][EC 33554452] bgp_process_packet: BGP OPEN receipt failed for peer: eth1
2025/12/06 10:15:54 BGP: [MVZKX-EG443][EC 33554452] bgp_process_packet: BGP OPEN receipt failed for peer: eth1
2025/12/06 10:15:59 BGP: [MVZKX-EG443][EC 33554452] bgp_process_packet: BGP OPEN receipt failed for peer: eth1
2025/12/06 10:16:10 BGP: [MVZKX-EG443][EC 33554452] bgp_process_packet: BGP OPEN receipt failed for peer: eth1
2025/12/06 10:16:15 BGP: [MVZKX-EG443][EC 33554452] bgp_process_packet: BGP OPEN receipt failed for peer: eth1
2025/12/06 10:16:53 BGP: [M59KS-A3ZXZ] bgp_update_receive_eor: rcvd End-of-RIB for IPv4 Unicast from eth1 in vrf default
2025/12/06 10:16:53 BGP: [M59KS-A3ZXZ] bgp_update_receive_eor: rcvd End-of-RIB for IPv6 Unicast from eth1 in vrf default
2025/12/06 10:16:53 BGP: [M59KS-A3ZXZ] bgp_update_receive_eor: rcvd End-of-RIB for L2VPN EVPN from eth1 in vrf default
2025/12/06 10:45:29 BGP: [H4B4J-DCW2R][EC 33554455] eth2 [Error] bgp_read_packet error: Connection reset by peer
2025/12/06 10:45:29 BGP: [MVZKX-EG443][EC 33554452] bgp_process_packet: BGP OPEN receipt failed for peer: eth2
2025/12/06 10:45:31 BGP: [MVZKX-EG443][EC 33554452] bgp_process_packet: BGP OPEN receipt failed for peer: eth2
2025/12/06 10:45:34 BGP: [MVZKX-EG443][EC 33554452] bgp_process_packet: BGP OPEN receipt failed for peer: eth2
2025/12/06 10:45:35 BGP: [MVZKX-EG443][EC 33554452] bgp_process_packet: BGP OPEN receipt failed for peer: eth2
2025/12/06 10:45:36 BGP: [MVZKX-EG443][EC 33554452] bgp_process_packet: BGP OPEN receipt failed for peer: eth2
2025/12/06 10:45:40 BGP: [MVZKX-EG443][EC 33554452] bgp_process_packet: BGP OPEN receipt failed for peer: eth2
2025/12/06 10:45:43 BGP: [MVZKX-EG443][EC 33554452] bgp_process_packet: BGP OPEN receipt failed for peer: eth2
2025/12/06 10:45:56 BGP: [M59KS-A3ZXZ] bgp_update_receive_eor: rcvd End-of-RIB for IPv4 Unicast from eth2 in vrf default
2025/12/06 10:45:56 BGP: [M59KS-A3ZXZ] bgp_update_receive_eor: rcvd End-of-RIB for IPv6 Unicast from eth2 in vrf default
2025/12/06 10:45:56 BGP: [M59KS-A3ZXZ] bgp_update_receive_eor: rcvd End-of-RIB for L2VPN EVPN from eth2 in vrf default
2025/12/06 10:55:26 ZEBRA: [MF0JM-QXVXH] Intf br20(4) bridge changed MAC address
2025/12/06 10:55:26 ZEBRA: [SGA3S-A2CXK][EC 4043309128] default:0: IF 61 RA disable client bgp - interface unknown
2025/12/06 10:55:26 ZEBRA: [SWQK6-6JY63][EC 4043309074] 0:254:fc00:0:6::1/128: Failed to enqueue dataplane install
2025/12/06 10:55:26 ZEBRA: [SWQK6-6JY63][EC 4043309074] 0:254:fc00:0:1::1/128: Failed to enqueue dataplane install
2025/12/06 10:55:26 ZEBRA: [WPPMZ-G9797] if_zebra_speed_update: br20 old speed: 10000 new speed: 0
2025/12/06 10:55:26 ZEBRA: [SWQK6-6JY63][EC 4043309074] 0:254:fc00:0:5::1/128: Failed to enqueue dataplane install
2025/12/06 10:55:26 ZEBRA: [SWQK6-6JY63][EC 4043309074] 0:254:fc00:0:4::1/128: Failed to enqueue dataplane install
2025/12/06 10:55:26 ZEBRA: [SWQK6-6JY63][EC 4043309074] 0:254:fc00:0:3::1/128: Failed to enqueue dataplane install
2025/12/06 10:55:26 ZEBRA: [SGA3S-A2CXK][EC 4043309128] default:0: IF 72 RA disable client bgp - interface unknown
2025/12/06 10:57:23 OSPF: [VTVCM-Y2NW3] Configuration Read in Took: 00:00:00
2025/12/06 10:57:23 OSPF: [G6NKK-8C6DV] end_config: VTY:0x7bc2c05e0060, pending SET-CFG: 0
2025/12/06 10:57:23 LDP: [VTVCM-Y2NW3] Configuration Read in Took: 00:00:00
2025/12/06 10:57:23 LDP: [G6NKK-8C6DV] end_config: VTY:0x75df45c3c610, pending SET-CFG: 0
2025/12/06 10:57:23 ISIS: [VTVCM-Y2NW3] Configuration Read in Took: 00:00:00
2025/12/06 10:57:23 ISIS: [G6NKK-8C6DV] end_config: VTY:0x7c3b531b31b0, pending SET-CFG: 0
2025/12/06 10:57:23 BGP: [VTVCM-Y2NW3] Configuration Read in Took: 00:00:00
2025/12/06 10:57:23 BGP: [G6NKK-8C6DV] end_config: VTY:0x7c81a95890b0, pending SET-CFG: 0
2025/12/06 10:57:23 OSPF6: [VTVCM-Y2NW3] Configuration Read in Took: 00:00:00
2025/12/06 10:57:23 OSPF6: [G6NKK-8C6DV] end_config: VTY:0x7dd265ad9050, pending SET-CFG: 0
2025/12/06 10:57:23 STATIC: [VTVCM-Y2NW3] Configuration Read in Took: 00:00:00
2025/12/06 10:57:23 STATIC: [G6NKK-8C6DV] end_config: VTY:0x7adc3874d0c0, pending SET-CFG: 0
2025/12/06 10:57:23 PATH: [VTVCM-Y2NW3] Configuration Read in Took: 00:00:00
2025/12/06 10:57:23 PATH: [G6NKK-8C6DV] end_config: VTY:0x74726e0c3190, pending SET-CFG: 0
2025/12/06 10:57:24 ZEBRA: [YDG3W-JND95] FD Limit set: 1048576 is stupidly large.  Is this what you intended?  Consider using --limit-fds also limiting size to 100000
2025/12/06 10:57:24 ZEBRA: [V98V0-MTWPF] client 84 says hello and bids fair to announce only bgp routes vrf=0
2025/12/06 10:57:24 ZEBRA: [MF0JM-QXVXH] Intf br20(4) bridge changed MAC address
2025/12/06 10:57:24 PATH: [NN4XW-E4M3V] IPv4 Router Id updated for VRF 0: 192.168.20.2
2025/12/06 10:57:24 PATH: [NN4XW-E4M3V] IPv4 Router Id updated for VRF 0: 172.16.0.2
2025/12/06 10:57:24 ZEBRA: [MF0JM-QXVXH] Intf br20(4) bridge changed MAC address
2025/12/06 10:57:39 ZEBRA: [WPPMZ-G9797] if_zebra_speed_update: br20 old speed: 0 new speed: 10000
2025/12/06 10:59:10 PATH: [NN4XW-E4M3V] IPv6 Router Id updated for VRF 0: fc00:0:2::1
2025/12/06 10:59:10 BGP: [MXM8H-B025K][EC 33554452] eth1 [Error] Configured AFI/SAFIs do not overlap with received MP capabilities
2025/12/06 10:59:15 BGP: [M59KS-A3ZXZ] bgp_update_receive_eor: rcvd End-of-RIB for IPv6 Unicast from eth1 in vrf default
2025/12/06 10:59:15 BGP: [M59KS-A3ZXZ] bgp_update_receive_eor: rcvd End-of-RIB for L2VPN EVPN from eth1 in vrf default
2025/12/06 11:00:09 BGP: [H4B4J-DCW2R][EC 33554455] eth2 [Error] bgp_read_packet error: Connection reset by peer
2025/12/06 11:00:16 BGP: [M59KS-A3ZXZ] bgp_update_receive_eor: rcvd End-of-RIB for IPv6 Unicast from eth2 in vrf default
2025/12/06 11:00:16 BGP: [M59KS-A3ZXZ] bgp_update_receive_eor: rcvd End-of-RIB for L2VPN EVPN from eth2 in vrf default
2025/12/06 11:15:25 ZEBRA: [SGA3S-A2CXK][EC 4043309128] default:0: IF 118 RA disable client bgp - interface unknown
2025/12/06 11:15:25 ZEBRA: [SWQK6-6JY63][EC 4043309074] 0:254:fc00:0:1::1/128: Failed to enqueue dataplane install
2025/12/06 11:15:25 ZEBRA: [WPPMZ-G9797] if_zebra_speed_update: br20 old speed: 10000 new speed: 0
2025/12/06 11:15:25 ZEBRA: [SGA3S-A2CXK][EC 4043309128] default:0: IF 124 RA disable client bgp - interface unknown
2025/12/06 11:15:25 ZEBRA: [SWQK6-6JY63][EC 4043309074] 0:254:fc00:0:4::1/128: Failed to enqueue dataplane install
2025/12/06 11:15:25 ZEBRA: [SWQK6-6JY63][EC 4043309074] 0:254:fc00:0:3::1/128: Failed to enqueue dataplane install
2025/12/06 11:18:20 OSPF6: [VTVCM-Y2NW3] Configuration Read in Took: 00:00:00
2025/12/06 11:18:20 OSPF6: [G6NKK-8C6DV] end_config: VTY:0x70d3910e9050, pending SET-CFG: 0
2025/12/06 11:18:20 OSPF: [VTVCM-Y2NW3] Configuration Read in Took: 00:00:00
2025/12/06 11:18:20 OSPF: [G6NKK-8C6DV] end_config: VTY:0x768cfbb71070, pending SET-CFG: 0
2025/12/06 11:18:20 ZEBRA: [VTVCM-Y2NW3] Configuration Read in Took: 00:00:00
2025/12/06 11:18:20 ZEBRA: [G6NKK-8C6DV] end_config: VTY:0x7bd4f529d6a0, pending SET-CFG: 0
2025/12/06 11:18:20 ISIS: [VTVCM-Y2NW3] Configuration Read in Took: 00:00:00
2025/12/06 11:18:20 ISIS: [G6NKK-8C6DV] end_config: VTY:0x7ce5beab81b0, pending SET-CFG: 0
2025/12/06 11:18:20 LDP: [VTVCM-Y2NW3] Configuration Read in Took: 00:00:00
2025/12/06 11:18:20 LDP: [G6NKK-8C6DV] end_config: VTY:0x763007abe610, pending SET-CFG: 0
2025/12/06 11:18:20 BGP: [VTVCM-Y2NW3] Configuration Read in Took: 00:00:00
2025/12/06 11:18:20 BGP: [G6NKK-8C6DV] end_config: VTY:0x7e551c3880b0, pending SET-CFG: 0
2025/12/06 11:18:20 STATIC: [VTVCM-Y2NW3] Configuration Read in Took: 00:00:00
2025/12/06 11:18:20 STATIC: [G6NKK-8C6DV] end_config: VTY:0x79f82cb790c0, pending SET-CFG: 0
2025/12/06 11:18:20 PATH: [VTVCM-Y2NW3] Configuration Read in Took: 00:00:00
2025/12/06 11:18:20 PATH: [G6NKK-8C6DV] end_config: VTY:0x7c53dc7f2190, pending SET-CFG: 0
2025/12/06 11:18:20 ZEBRA: [MF0JM-QXVXH] Intf br20(4) bridge changed MAC address
2025/12/06 11:18:20 ZEBRA: [YDG3W-JND95] FD Limit set: 1048576 is stupidly large.  Is this what you intended?  Consider using --limit-fds also limiting size to 100000
2025/12/06 11:18:20 ZEBRA: [V98V0-MTWPF] client 84 says hello and bids fair to announce only bgp routes vrf=0
2025/12/06 11:18:35 ZEBRA: [WPPMZ-G9797] if_zebra_speed_update: br20 old speed: 0 new speed: 10000
2025/12/06 11:19:29 PATH: [NN4XW-E4M3V] IPv6 Router Id updated for VRF 0: fc00:0:2::1
2025/12/06 11:19:29 BGP: [MXM8H-B025K][EC 33554452] eth1 [Error] Configured AFI/SAFIs do not overlap with received MP capabilities
2025/12/06 11:19:32 BGP: [M59KS-A3ZXZ] bgp_update_receive_eor: rcvd End-of-RIB for IPv6 Unicast from eth1 in vrf default
2025/12/06 11:19:32 BGP: [M59KS-A3ZXZ] bgp_update_receive_eor: rcvd End-of-RIB for IPv4 Unicast from eth1 in vrf default
2025/12/06 11:19:32 BGP: [M59KS-A3ZXZ] bgp_update_receive_eor: rcvd End-of-RIB for L2VPN EVPN from eth1 in vrf default
2025/12/06 11:20:35 BGP: [M59KS-A3ZXZ] bgp_update_receive_eor: rcvd End-of-RIB for IPv6 Unicast from eth2 in vrf default
2025/12/06 11:20:35 BGP: [M59KS-A3ZXZ] bgp_update_receive_eor: rcvd End-of-RIB for IPv4 Unicast from eth2 in vrf default
2025/12/06 11:20:35 BGP: [M59KS-A3ZXZ] bgp_update_receive_eor: rcvd End-of-RIB for L2VPN EVPN from eth2 in vrf default
2025/12/06 11:23:52 ZEBRA: [SGA3S-A2CXK][EC 4043309128] default:0: IF 175 RA disable client bgp - interface unknown
2025/12/06 11:23:52 ZEBRA: [WPPMZ-G9797] if_zebra_speed_update: br20 old speed: 10000 new speed: 0
2025/12/06 11:23:52 ZEBRA: [SWQK6-6JY63][EC 4043309074] 0:254:fc00:0:1::1/128: Failed to enqueue dataplane install
2025/12/06 11:23:52 ZEBRA: [SWQK6-6JY63][EC 4043309074] 0:254:fc00:0:3::1/128: Failed to enqueue dataplane install
2025/12/06 11:23:52 ZEBRA: [SGA3S-A2CXK][EC 4043309128] default:0: IF 170 RA disable client bgp - interface unknown
2025/12/06 11:24:00 OSPF: [VTVCM-Y2NW3] Configuration Read in Took: 00:00:00
2025/12/06 11:24:00 OSPF: [G6NKK-8C6DV] end_config: VTY:0x7a55726e3070, pending SET-CFG: 0
2025/12/06 11:24:00 OSPF6: [VTVCM-Y2NW3] Configuration Read in Took: 00:00:00
2025/12/06 11:24:00 OSPF6: [G6NKK-8C6DV] end_config: VTY:0x7e743f922050, pending SET-CFG: 0
2025/12/06 11:24:00 LDP: [VTVCM-Y2NW3] Configuration Read in Took: 00:00:00
2025/12/06 11:24:00 LDP: [G6NKK-8C6DV] end_config: VTY:0x78286ca59610, pending SET-CFG: 0
2025/12/06 11:24:00 BGP: [VTVCM-Y2NW3] Configuration Read in Took: 00:00:00
2025/12/06 11:24:00 BGP: [G6NKK-8C6DV] end_config: VTY:0x761104eae0b0, pending SET-CFG: 0
2025/12/06 11:24:00 ISIS: [VTVCM-Y2NW3] Configuration Read in Took: 00:00:00
2025/12/06 11:24:00 ISIS: [G6NKK-8C6DV] end_config: VTY:0x787c041dc1b0, pending SET-CFG: 0
2025/12/06 11:24:00 STATIC: [VTVCM-Y2NW3] Configuration Read in Took: 00:00:00
2025/12/06 11:24:00 STATIC: [G6NKK-8C6DV] end_config: VTY:0x77aca46cc0c0, pending SET-CFG: 0
2025/12/06 11:24:00 PATH: [VTVCM-Y2NW3] Configuration Read in Took: 00:00:00
2025/12/06 11:24:00 PATH: [G6NKK-8C6DV] end_config: VTY:0x743416b1b190, pending SET-CFG: 0
2025/12/06 11:24:01 ZEBRA: [YDG3W-JND95] FD Limit set: 1048576 is stupidly large.  Is this what you intended?  Consider using --limit-fds also limiting size to 100000
2025/12/06 11:24:01 ZEBRA: [V98V0-MTWPF] client 84 says hello and bids fair to announce only bgp routes vrf=0
2025/12/06 11:24:15 ZEBRA: [WPPMZ-G9797] if_zebra_speed_update: br20 old speed: 0 new speed: 10000
2025/12/06 11:25:29 PATH: [NN4XW-E4M3V] IPv6 Router Id updated for VRF 0: fc00:0:2::1
2025/12/06 11:25:36 BGP: [M59KS-A3ZXZ] bgp_update_receive_eor: rcvd End-of-RIB for IPv6 Unicast from eth1 in vrf default
2025/12/06 11:25:36 BGP: [M59KS-A3ZXZ] bgp_update_receive_eor: rcvd End-of-RIB for L2VPN EVPN from eth1 in vrf default
2025/12/06 11:25:36 BGP: [M59KS-A3ZXZ] bgp_update_receive_eor: rcvd End-of-RIB for IPv4 Unicast from eth1 in vrf default
2025/12/06 11:26:05 BGP: [M59KS-A3ZXZ] bgp_update_receive_eor: rcvd End-of-RIB for IPv6 Unicast from eth2 in vrf default
2025/12/06 11:26:05 BGP: [M59KS-A3ZXZ] bgp_update_receive_eor: rcvd End-of-RIB for IPv4 Unicast from eth2 in vrf default
2025/12/06 11:26:05 BGP: [M59KS-A3ZXZ] bgp_update_receive_eor: rcvd End-of-RIB for L2VPN EVPN from eth2 in vrf default
2025/12/06 11:42:00 ZEBRA: [SWQK6-6JY63][EC 4043309074] 0:254:fc00:0:5::1/128: Failed to enqueue dataplane install
2025/12/06 11:42:00 ZEBRA: [SWQK6-6JY63][EC 4043309074] 0:254:fc00:0:4::1/128: Failed to enqueue dataplane install
2025/12/06 11:42:00 ZEBRA: [SWQK6-6JY63][EC 4043309074] 0:254:fc00:0:3::1/128: Failed to enqueue dataplane install
2025/12/06 11:42:05 ZEBRA: [QGWPP-XPTHX][EC 100663299] eth2(230): Tx RA failed, socket 12 error 99 (Address not available)
2025/12/06 11:42:06 ZEBRA: [QGWPP-XPTHX][EC 100663299] eth2(230): Tx RA failed, socket 12 error 99 (Address not available)
2025/12/06 11:42:07 BGP: [H4B4J-DCW2R][EC 33554455] eth2 [Error] bgp_read_packet error: Connection reset by peer
2025/12/06 11:42:08 BGP: [M59KS-A3ZXZ] bgp_update_receive_eor: rcvd End-of-RIB for IPv6 Unicast from eth2 in vrf default
2025/12/06 11:42:08 BGP: [M59KS-A3ZXZ] bgp_update_receive_eor: rcvd End-of-RIB for IPv4 Unicast from eth2 in vrf default
2025/12/06 11:42:08 BGP: [M59KS-A3ZXZ] bgp_update_receive_eor: rcvd End-of-RIB for L2VPN EVPN from eth2 in vrf default
2025/12/06 11:43:48 ZEBRA: [SWQK6-6JY63][EC 4043309074] 0:254:fc00:0:4::1/128: Failed to enqueue dataplane install
2025/12/06 11:43:48 ZEBRA: [SWQK6-6JY63][EC 4043309074] 0:254:fc00:0:3::1/128: Failed to enqueue dataplane install
2025/12/06 11:43:52 ZEBRA: [QGWPP-XPTHX][EC 100663299] eth2(230): Tx RA failed, socket 12 error 99 (Address not available)
2025/12/06 11:43:53 ZEBRA: [QGWPP-XPTHX][EC 100663299] eth2(230): Tx RA failed, socket 12 error 99 (Address not available)
2025/12/06 11:43:55 BGP: [M59KS-A3ZXZ] bgp_update_receive_eor: rcvd End-of-RIB for IPv6 Unicast from eth2 in vrf default
2025/12/06 11:43:55 BGP: [M59KS-A3ZXZ] bgp_update_receive_eor: rcvd End-of-RIB for IPv4 Unicast from eth2 in vrf default
2025/12/06 11:43:55 BGP: [M59KS-A3ZXZ] bgp_update_receive_eor: rcvd End-of-RIB for L2VPN EVPN from eth2 in vrf default
