2025/12/06 08:28:23 OSPF: [VTVCM-Y2NW3] Configuration Read in Took: 00:00:00
2025/12/06 08:28:23 OSPF: [G6NKK-8C6DV] end_config: VTY:0x714ea4cc9070, pending SET-CFG: 0
2025/12/06 08:28:23 OSPF6: [VTVCM-Y2NW3] Configuration Read in Took: 00:00:00
2025/12/06 08:28:23 OSPF6: [G6NKK-8C6DV] end_config: VTY:0x77a0b845b050, pending SET-CFG: 0
2025/12/06 08:28:23 LDP: [VTVCM-Y2NW3] Configuration Read in Took: 00:00:00
2025/12/06 08:28:23 LDP: [G6NKK-8C6DV] end_config: VTY:0x7453697a3610, pending SET-CFG: 0
2025/12/06 08:28:23 ISIS: [VTVCM-Y2NW3] Configuration Read in Took: 00:00:00
2025/12/06 08:28:23 ISIS: [G6NKK-8C6DV] end_config: VTY:0x70551a27f1b0, pending SET-CFG: 0
2025/12/06 08:28:23 BGP: [VTVCM-Y2NW3] Configuration Read in Took: 00:00:00
2025/12/06 08:28:23 BGP: [G6NKK-8C6DV] end_config: VTY:0x74928e7850b0, pending SET-CFG: 0
2025/12/06 08:28:23 STATIC: [VTVCM-Y2NW3] Configuration Read in Took: 00:00:00
2025/12/06 08:28:23 STATIC: [G6NKK-8C6DV] end_config: VTY:0x74268b3900c0, pending SET-CFG: 0
2025/12/06 08:28:23 PATH: [VTVCM-Y2NW3] Configuration Read in Took: 00:00:00
2025/12/06 08:28:23 PATH: [G6NKK-8C6DV] end_config: VTY:0x73db09a2d190, pending SET-CFG: 0
2025/12/06 08:28:23 ZEBRA: [YDG3W-JND95] FD Limit set: 1048576 is stupidly large.  Is this what you intended?  Consider using --limit-fds also limiting size to 100000
2025/12/06 08:28:23 ZEBRA: [V98V0-MTWPF] client 84 says hello and bids fair to announce only bgp routes vrf=0
2025/12/06 08:28:37 ZEBRA: [WPPMZ-G9797] if_zebra_speed_update: br10 old speed: 0 new speed: 10000
2025/12/06 08:29:22 OSPF6: [VTVCM-Y2NW3] Configuration Read in Took: 00:00:00
2025/12/06 08:29:22 OSPF6: [G6NKK-8C6DV] end_config: VTY:0x780aebff8050, pending SET-CFG: 0
2025/12/06 08:29:22 BGP: [VTVCM-Y2NW3] Configuration Read in Took: 00:00:00
2025/12/06 08:29:22 BGP: [G6NKK-8C6DV] end_config: VTY:0x7590e0e010b0, pending SET-CFG: 0
2025/12/06 08:29:22 ISIS: [VTVCM-Y2NW3] Configuration Read in Took: 00:00:00
2025/12/06 08:29:22 ISIS: [G6NKK-8C6DV] end_config: VTY:0x7f08f957b1b0, pending SET-CFG: 0
2025/12/06 08:29:22 OSPF: [VTVCM-Y2NW3] Configuration Read in Took: 00:00:00
2025/12/06 08:29:22 OSPF: [G6NKK-8C6DV] end_config: VTY:0x7bdda2efe060, pending SET-CFG: 0
2025/12/06 08:29:22 STATIC: [VTVCM-Y2NW3] Configuration Read in Took: 00:00:00
2025/12/06 08:29:22 STATIC: [G6NKK-8C6DV] end_config: VTY:0x79e8601cd0c0, pending SET-CFG: 0
2025/12/06 08:29:22 PATH: [VTVCM-Y2NW3] Configuration Read in Took: 00:00:00
2025/12/06 08:29:22 PATH: [G6NKK-8C6DV] end_config: VTY:0x715b2dcd1190, pending SET-CFG: 0
2025/12/06 08:29:22 LDP: [VTVCM-Y2NW3] Configuration Read in Took: 00:00:00
2025/12/06 08:29:22 LDP: [G6NKK-8C6DV] end_config: VTY:0x7784a3ad9610, pending SET-CFG: 0
2025/12/06 08:29:22 PATH: [NN4XW-E4M3V] IPv4 Router Id updated for VRF 0: 0.0.0.0
2025/12/06 08:29:22 PATH: [NN4XW-E4M3V] IPv6 Router Id updated for VRF 0: ::
2025/12/06 08:29:22 OSPF6: [GZ318-0J443] Zebra: got delete of eth0, but interface is still up
2025/12/06 08:29:22 ZEBRA: [YDG3W-JND95] FD Limit set: 1048576 is stupidly large.  Is this what you intended?  Consider using --limit-fds also limiting size to 100000
2025/12/06 08:29:22 ZEBRA: [V98V0-MTWPF] client 84 says hello and bids fair to announce only bgp routes vrf=0
2025/12/06 08:29:22 PATH: [NN4XW-E4M3V] IPv4 Router Id updated for VRF 0: 192.168.10.3
2025/12/06 08:29:22 PATH: [NN4XW-E4M3V] IPv4 Router Id updated for VRF 0: 172.16.0.3
2025/12/06 08:29:37 ZEBRA: [WPPMZ-G9797] if_zebra_speed_update: br10 old speed: 0 new speed: 10000
2025/12/06 10:45:03 ZEBRA: [MF0JM-QXVXH] Intf br10(4) bridge changed MAC address
2025/12/06 10:45:29 PATH: [NN4XW-E4M3V] IPv6 Router Id updated for VRF 0: fc00:0:3::1
2025/12/06 10:45:29 BGP: [MVZKX-EG443][EC 33554452] bgp_process_packet: BGP OPEN receipt failed for peer: eth2
2025/12/06 10:45:31 BGP: [MVZKX-EG443][EC 33554452] bgp_process_packet: BGP OPEN receipt failed for peer: eth2
2025/12/06 10:45:34 BGP: [MVZKX-EG443][EC 33554452] bgp_process_packet: BGP OPEN receipt failed for peer: eth2
2025/12/06 10:45:35 BGP: [MVZKX-EG443][EC 33554452] bgp_process_packet: BGP OPEN receipt failed for peer: eth2
2025/12/06 10:45:36 BGP: [MVZKX-EG443][EC 33554452] bgp_process_packet: BGP OPEN receipt failed for peer: eth2
2025/12/06 10:45:40 BGP: [MVZKX-EG443][EC 33554452] bgp_process_packet: BGP OPEN receipt failed for peer: eth2
2025/12/06 10:45:43 BGP: [MVZKX-EG443][EC 33554452] bgp_process_packet: BGP OPEN receipt failed for peer: eth2
2025/12/06 10:45:56 BGP: [M59KS-A3ZXZ] bgp_update_receive_eor: rcvd End-of-RIB for IPv4 Unicast from eth2 in vrf default
2025/12/06 10:45:56 BGP: [M59KS-A3ZXZ] bgp_update_receive_eor: rcvd End-of-RIB for IPv6 Unicast from eth2 in vrf default
2025/12/06 10:45:56 BGP: [M59KS-A3ZXZ] bgp_update_receive_eor: rcvd End-of-RIB for L2VPN EVPN from eth2 in vrf default
2025/12/06 10:49:06 BGP: [H4B4J-DCW2R][EC 33554455] eth1 [Error] bgp_read_packet error: Connection reset by peer
2025/12/06 10:49:06 BGP: [W2RX6-XPYWY] eth1 AddPath Capability length error: got 0, expected at least 4
2025/12/06 10:49:06 BGP: [MVZKX-EG443][EC 33554452] bgp_process_packet: BGP OPEN receipt failed for peer: eth1
2025/12/06 10:49:11 BGP: [M59KS-A3ZXZ] bgp_update_receive_eor: rcvd End-of-RIB for IPv4 Unicast from eth1 in vrf default
2025/12/06 10:49:11 BGP: [M59KS-A3ZXZ] bgp_update_receive_eor: rcvd End-of-RIB for IPv6 Unicast from eth1 in vrf default
2025/12/06 10:49:11 BGP: [M59KS-A3ZXZ] bgp_update_receive_eor: rcvd End-of-RIB for L2VPN EVPN from eth1 in vrf default
2025/12/06 10:55:26 ZEBRA: [SWQK6-6JY63][EC 4043309074] 0:254:fc00:0:5::1/128: Failed to enqueue dataplane install
2025/12/06 10:55:26 ZEBRA: [SWQK6-6JY63][EC 4043309074] 0:254:fc00:0:4::1/128: Failed to enqueue dataplane install
2025/12/06 10:55:26 ZEBRA: [WPPMZ-G9797] if_zebra_speed_update: br10 old speed: 10000 new speed: 0
2025/12/06 10:55:26 ZEBRA: [SGA3S-A2CXK][EC 4043309128] default:0: IF 67 RA disable client bgp - interface unknown
2025/12/06 10:55:26 ZEBRA: [SWQK6-6JY63][EC 4043309074] 0:254:fc00:0:6::1/128: Failed to enqueue dataplane install
2025/12/06 10:55:26 ZEBRA: [SWQK6-6JY63][EC 4043309074] 0:254:fc00:0:2::1/128: Failed to enqueue dataplane install
2025/12/06 10:55:26 ZEBRA: [SWQK6-6JY63][EC 4043309074] 0:254:fc00:0:1::1/128: Failed to enqueue dataplane install
2025/12/06 10:55:26 ZEBRA: [SGA3S-A2CXK][EC 4043309128] default:0: IF 73 RA disable client bgp - interface unknown
2025/12/06 10:57:24 OSPF: [VTVCM-Y2NW3] Configuration Read in Took: 00:00:00
2025/12/06 10:57:24 OSPF: [G6NKK-8C6DV] end_config: VTY:0x76b58e9c0070, pending SET-CFG: 0
2025/12/06 10:57:24 BGP: [VTVCM-Y2NW3] Configuration Read in Took: 00:00:00
2025/12/06 10:57:24 BGP: [G6NKK-8C6DV] end_config: VTY:0x7ff6286840b0, pending SET-CFG: 0
2025/12/06 10:57:24 OSPF6: [VTVCM-Y2NW3] Configuration Read in Took: 00:00:00
2025/12/06 10:57:24 OSPF6: [G6NKK-8C6DV] end_config: VTY:0x711ed4255050, pending SET-CFG: 0
2025/12/06 10:57:24 LDP: [VTVCM-Y2NW3] Configuration Read in Took: 00:00:00
2025/12/06 10:57:24 LDP: [G6NKK-8C6DV] end_config: VTY:0x789b318dc610, pending SET-CFG: 0
2025/12/06 10:57:24 STATIC: [VTVCM-Y2NW3] Configuration Read in Took: 00:00:00
2025/12/06 10:57:24 STATIC: [G6NKK-8C6DV] end_config: VTY:0x7e2d60fce0c0, pending SET-CFG: 0
2025/12/06 10:57:24 PATH: [VTVCM-Y2NW3] Configuration Read in Took: 00:00:00
2025/12/06 10:57:24 PATH: [G6NKK-8C6DV] end_config: VTY:0x7eea56342190, pending SET-CFG: 0
2025/12/06 10:57:24 ISIS: [VTVCM-Y2NW3] Configuration Read in Took: 00:00:00
2025/12/06 10:57:24 ISIS: [G6NKK-8C6DV] end_config: VTY:0x71254c5ad1b0, pending SET-CFG: 0
2025/12/06 10:57:24 ZEBRA: [MF0JM-QXVXH] Intf br10(4) bridge changed MAC address
2025/12/06 10:57:24 PATH: [NN4XW-E4M3V] IPv4 Router Id updated for VRF 0: 192.168.10.3
2025/12/06 10:57:24 PATH: [NN4XW-E4M3V] IPv4 Router Id updated for VRF 0: 172.16.0.3
2025/12/06 10:57:25 ZEBRA: [YDG3W-JND95] FD Limit set: 1048576 is stupidly large.  Is this what you intended?  Consider using --limit-fds also limiting size to 100000
2025/12/06 10:57:25 ZEBRA: [V98V0-MTWPF] client 84 says hello and bids fair to announce only bgp routes vrf=0
2025/12/06 10:57:25 ZEBRA: [MF0JM-QXVXH] Intf br10(4) bridge changed MAC address
2025/12/06 10:57:39 ZEBRA: [WPPMZ-G9797] if_zebra_speed_update: br10 old speed: 0 new speed: 10000
2025/12/06 11:00:09 PATH: [NN4XW-E4M3V] IPv6 Router Id updated for VRF 0: fc00:0:3::1
2025/12/06 11:00:09 BGP: [MXM8H-B025K][EC 33554452] eth1 [Error] Configured AFI/SAFIs do not overlap with received MP capabilities
2025/12/06 11:00:13 BGP: [M59KS-A3ZXZ] bgp_update_receive_eor: rcvd End-of-RIB for IPv6 Unicast from eth1 in vrf default
2025/12/06 11:00:13 BGP: [M59KS-A3ZXZ] bgp_update_receive_eor: rcvd End-of-RIB for L2VPN EVPN from eth1 in vrf default
2025/12/06 11:00:16 BGP: [M59KS-A3ZXZ] bgp_update_receive_eor: rcvd End-of-RIB for L2VPN EVPN from eth2 in vrf default
2025/12/06 11:00:16 BGP: [M59KS-A3ZXZ] bgp_update_receive_eor: rcvd End-of-RIB for IPv6 Unicast from eth2 in vrf default
2025/12/06 11:15:25 ZEBRA: [SGA3S-A2CXK][EC 4043309128] default:0: IF 131 RA disable client bgp - interface unknown
2025/12/06 11:15:25 ZEBRA: [WPPMZ-G9797] if_zebra_speed_update: br10 old speed: 10000 new speed: 0
2025/12/06 11:15:25 ZEBRA: [SWQK6-6JY63][EC 4043309074] 0:254:fc00:0:4::1/128: Failed to enqueue dataplane install
2025/12/06 11:15:25 ZEBRA: [SGA3S-A2CXK][EC 4043309128] default:0: IF 123 RA disable client bgp - interface unknown
2025/12/06 11:15:25 ZEBRA: [SWQK6-6JY63][EC 4043309074] 0:254:fc00:0:2::1/128: Failed to enqueue dataplane install
2025/12/06 11:15:25 ZEBRA: [SWQK6-6JY63][EC 4043309074] 0:254:fc00:0:1::1/128: Failed to enqueue dataplane install
2025/12/06 11:18:18 OSPF: [VTVCM-Y2NW3] Configuration Read in Took: 00:00:00
2025/12/06 11:18:18 OSPF: [G6NKK-8C6DV] end_config: VTY:0x78de099a0060, pending SET-CFG: 0
2025/12/06 11:18:18 ISIS: [VTVCM-Y2NW3] Configuration Read in Took: 00:00:00
2025/12/06 11:18:18 ISIS: [G6NKK-8C6DV] end_config: VTY:0x7c27e76741b0, pending SET-CFG: 0
2025/12/06 11:18:18 BGP: [VTVCM-Y2NW3] Configuration Read in Took: 00:00:00
2025/12/06 11:18:18 BGP: [G6NKK-8C6DV] end_config: VTY:0x74a8f6fc60b0, pending SET-CFG: 0
2025/12/06 11:18:18 OSPF6: [VTVCM-Y2NW3] Configuration Read in Took: 00:00:00
2025/12/06 11:18:18 OSPF6: [G6NKK-8C6DV] end_config: VTY:0x742636ddf050, pending SET-CFG: 0
2025/12/06 11:18:18 LDP: [VTVCM-Y2NW3] Configuration Read in Took: 00:00:00
2025/12/06 11:18:18 LDP: [G6NKK-8C6DV] end_config: VTY:0x720f02bcb610, pending SET-CFG: 0
2025/12/06 11:18:18 STATIC: [VTVCM-Y2NW3] Configuration Read in Took: 00:00:00
2025/12/06 11:18:18 STATIC: [G6NKK-8C6DV] end_config: VTY:0x70dd181d10c0, pending SET-CFG: 0
2025/12/06 11:18:18 PATH: [VTVCM-Y2NW3] Configuration Read in Took: 00:00:00
2025/12/06 11:18:18 PATH: [G6NKK-8C6DV] end_config: VTY:0x70a9d0193190, pending SET-CFG: 0
2025/12/06 11:18:19 ZEBRA: [YDG3W-JND95] FD Limit set: 1048576 is stupidly large.  Is this what you intended?  Consider using --limit-fds also limiting size to 100000
2025/12/06 11:18:19 ZEBRA: [V98V0-MTWPF] client 74 says hello and bids fair to announce only bgp routes vrf=0
2025/12/06 11:18:19 ZEBRA: [YDG3W-JND95] FD Limit set: 1048576 is stupidly large.  Is this what you intended?  Consider using --limit-fds also limiting size to 100000
2025/12/06 11:18:19 ZEBRA: [YDG3W-JND95] FD Limit set: 1048576 is stupidly large.  Is this what you intended?  Consider using --limit-fds also limiting size to 100000
2025/12/06 11:18:19 ZEBRA: [V98V0-MTWPF] client 79 says hello and bids fair to announce only bgp routes vrf=0
2025/12/06 11:18:19 ZEBRA: [V98V0-MTWPF] client 82 says hello and bids fair to announce only vnc routes vrf=0
2025/12/06 11:18:19 PATH: [NN4XW-E4M3V] IPv4 Router Id updated for VRF 0: 192.168.10.3
2025/12/06 11:18:19 PATH: [NN4XW-E4M3V] IPv4 Router Id updated for VRF 0: 172.16.0.3
2025/12/06 11:18:33 ZEBRA: [WPPMZ-G9797] if_zebra_speed_update: br10 old speed: 0 new speed: 10000
2025/12/06 11:20:30 PATH: [NN4XW-E4M3V] IPv6 Router Id updated for VRF 0: fc00:0:3::1
2025/12/06 11:20:35 BGP: [M59KS-A3ZXZ] bgp_update_receive_eor: rcvd End-of-RIB for IPv6 Unicast from eth2 in vrf default
2025/12/06 11:20:35 BGP: [M59KS-A3ZXZ] bgp_update_receive_eor: rcvd End-of-RIB for IPv4 Unicast from eth2 in vrf default
2025/12/06 11:20:35 BGP: [M59KS-A3ZXZ] bgp_update_receive_eor: rcvd End-of-RIB for L2VPN EVPN from eth2 in vrf default
2025/12/06 11:23:52 ZEBRA: [MF0JM-QXVXH] Intf br10(4) bridge changed MAC address
2025/12/06 11:23:52 ZEBRA: [WPPMZ-G9797] if_zebra_speed_update: br10 old speed: 10000 new speed: 0
2025/12/06 11:23:52 ZEBRA: [SGA3S-A2CXK][EC 4043309128] default:0: IF 166 RA disable client bgp - interface unknown
2025/12/06 11:23:52 ZEBRA: [SWQK6-6JY63][EC 4043309074] 0:254:fc00:0:2::1/128: Failed to enqueue dataplane install
2025/12/06 11:23:52 ZEBRA: [SWQK6-6JY63][EC 4043309074] 0:254:fc00:0:1::1/128: Failed to enqueue dataplane install
2025/12/06 11:23:52 ZEBRA: [SGA3S-A2CXK][EC 4043309128] default:0: IF 171 RA disable client bgp - interface unknown
2025/12/06 11:23:59 OSPF6: [VTVCM-Y2NW3] Configuration Read in Took: 00:00:00
2025/12/06 11:23:59 OSPF6: [G6NKK-8C6DV] end_config: VTY:0x72b668022050, pending SET-CFG: 0
2025/12/06 11:23:59 LDP: [VTVCM-Y2NW3] Configuration Read in Took: 00:00:00
2025/12/06 11:23:59 LDP: [G6NKK-8C6DV] end_config: VTY:0x789d9dc2a610, pending SET-CFG: 0
2025/12/06 11:23:59 OSPF: [VTVCM-Y2NW3] Configuration Read in Took: 00:00:00
2025/12/06 11:23:59 OSPF: [G6NKK-8C6DV] end_config: VTY:0x7bf809dd0070, pending SET-CFG: 0
2025/12/06 11:23:59 BGP: [VTVCM-Y2NW3] Configuration Read in Took: 00:00:00
2025/12/06 11:23:59 BGP: [G6NKK-8C6DV] end_config: VTY:0x7ee30e7cf0b0, pending SET-CFG: 0
2025/12/06 11:23:59 ISIS: [VTVCM-Y2NW3] Configuration Read in Took: 00:00:00
2025/12/06 11:23:59 ISIS: [G6NKK-8C6DV] end_config: VTY:0x754348c931b0, pending SET-CFG: 0
2025/12/06 11:23:59 STATIC: [VTVCM-Y2NW3] Configuration Read in Took: 00:00:00
2025/12/06 11:23:59 STATIC: [G6NKK-8C6DV] end_config: VTY:0x7e94106340c0, pending SET-CFG: 0
2025/12/06 11:23:59 PATH: [VTVCM-Y2NW3] Configuration Read in Took: 00:00:00
2025/12/06 11:23:59 PATH: [G6NKK-8C6DV] end_config: VTY:0x783c71c23190, pending SET-CFG: 0
2025/12/06 11:24:00 ZEBRA: [YDG3W-JND95] FD Limit set: 1048576 is stupidly large.  Is this what you intended?  Consider using --limit-fds also limiting size to 100000
2025/12/06 11:24:00 ZEBRA: [V98V0-MTWPF] client 84 says hello and bids fair to announce only bgp routes vrf=0
2025/12/06 11:24:14 ZEBRA: [WPPMZ-G9797] if_zebra_speed_update: br10 old speed: 0 new speed: 10000
2025/12/06 11:25:58 PATH: [NN4XW-E4M3V] IPv6 Router Id updated for VRF 0: fc00:0:3::1
2025/12/06 11:26:05 BGP: [M59KS-A3ZXZ] bgp_update_receive_eor: rcvd End-of-RIB for IPv6 Unicast from eth2 in vrf default
2025/12/06 11:26:05 BGP: [M59KS-A3ZXZ] bgp_update_receive_eor: rcvd End-of-RIB for IPv4 Unicast from eth2 in vrf default
2025/12/06 11:26:05 BGP: [M59KS-A3ZXZ] bgp_update_receive_eor: rcvd End-of-RIB for L2VPN EVPN from eth2 in vrf default
2025/12/06 11:26:09 BGP: [H4B4J-DCW2R][EC 33554455] eth1 [Error] bgp_read_packet error: Connection reset by peer
2025/12/06 11:26:09 BGP: [W2RX6-XPYWY] eth1 AddPath Capability length error: got 0, expected at least 4
2025/12/06 11:26:09 BGP: [MVZKX-EG443][EC 33554452] bgp_process_packet: BGP OPEN receipt failed for peer: eth1
2025/12/06 11:26:12 BGP: [M59KS-A3ZXZ] bgp_update_receive_eor: rcvd End-of-RIB for IPv6 Unicast from eth1 in vrf default
2025/12/06 11:26:12 BGP: [M59KS-A3ZXZ] bgp_update_receive_eor: rcvd End-of-RIB for IPv4 Unicast from eth1 in vrf default
2025/12/06 11:26:12 BGP: [M59KS-A3ZXZ] bgp_update_receive_eor: rcvd End-of-RIB for L2VPN EVPN from eth1 in vrf default
2025/12/06 11:42:00 ZEBRA: [SWQK6-6JY63][EC 4043309074] 0:254:fc00:0:2::1/128: Failed to enqueue dataplane install
2025/12/06 11:42:00 ZEBRA: [SWQK6-6JY63][EC 4043309074] 0:254:fc00:0:1::1/128: Failed to enqueue dataplane install
2025/12/06 11:42:08 BGP: [M59KS-A3ZXZ] bgp_update_receive_eor: rcvd End-of-RIB for IPv6 Unicast from eth2 in vrf default
2025/12/06 11:42:08 BGP: [M59KS-A3ZXZ] bgp_update_receive_eor: rcvd End-of-RIB for IPv4 Unicast from eth2 in vrf default
2025/12/06 11:42:08 BGP: [M59KS-A3ZXZ] bgp_update_receive_eor: rcvd End-of-RIB for L2VPN EVPN from eth2 in vrf default
2025/12/06 11:43:48 ZEBRA: [SWQK6-6JY63][EC 4043309074] 0:254:fc00:0:2::1/128: Failed to enqueue dataplane install
2025/12/06 11:43:48 ZEBRA: [SWQK6-6JY63][EC 4043309074] 0:254:fc00:0:1::1/128: Failed to enqueue dataplane install
2025/12/06 11:43:55 BGP: [M59KS-A3ZXZ] bgp_update_receive_eor: rcvd End-of-RIB for IPv6 Unicast from eth2 in vrf default
2025/12/06 11:43:55 BGP: [M59KS-A3ZXZ] bgp_update_receive_eor: rcvd End-of-RIB for IPv4 Unicast from eth2 in vrf default
2025/12/06 11:43:55 BGP: [M59KS-A3ZXZ] bgp_update_receive_eor: rcvd End-of-RIB for L2VPN EVPN from eth2 in vrf default
2025/12/06 11:52:25 LDP: [VTVCM-Y2NW3] Configuration Read in Took: 00:00:00
2025/12/06 11:52:25 LDP: [G6NKK-8C6DV] end_config: VTY:0x70872d434610, pending SET-CFG: 0
2025/12/06 11:52:25 OSPF6: [VTVCM-Y2NW3] Configuration Read in Took: 00:00:00
2025/12/06 11:52:25 OSPF6: [G6NKK-8C6DV] end_config: VTY:0x744d8e8ee050, pending SET-CFG: 0
2025/12/06 11:52:25 OSPF: [VTVCM-Y2NW3] Configuration Read in Took: 00:00:00
2025/12/06 11:52:25 OSPF: [G6NKK-8C6DV] end_config: VTY:0x765d13660060, pending SET-CFG: 0
2025/12/06 11:52:25 ISIS: [VTVCM-Y2NW3] Configuration Read in Took: 00:00:00
2025/12/06 11:52:25 ISIS: [G6NKK-8C6DV] end_config: VTY:0x70701460d1b0, pending SET-CFG: 0
2025/12/06 11:52:25 BGP: [VTVCM-Y2NW3] Configuration Read in Took: 00:00:00
2025/12/06 11:52:25 BGP: [G6NKK-8C6DV] end_config: VTY:0x7202fe2390b0, pending SET-CFG: 0
2025/12/06 11:52:25 PATH: [VTVCM-Y2NW3] Configuration Read in Took: 00:00:00
2025/12/06 11:52:25 PATH: [G6NKK-8C6DV] end_config: VTY:0x737a38727180, pending SET-CFG: 0
2025/12/06 11:52:25 PATH: [NN4XW-E4M3V] IPv4 Router Id updated for VRF 0: 172.16.0.3
2025/12/06 11:52:25 PATH: [NN4XW-E4M3V] IPv6 Router Id updated for VRF 0: fc00:0:3::1
2025/12/06 11:52:25 ZEBRA: [YDG3W-JND95] FD Limit set: 1048576 is stupidly large.  Is this what you intended?  Consider using --limit-fds also limiting size to 100000
2025/12/06 11:52:25 ZEBRA: [V98V0-MTWPF] client 84 says hello and bids fair to announce only bgp routes vrf=0
